### BTest baseline data generated by btest-diff. Do not edit. Use "btest -U/-u" to update. Requires BTest >= 0.63.
[error] <...>/hook-priorities-fail.hlt:10:5: value for attribute '&priority' must be an integer
[error] <...>/hook-priorities-fail.hlt:11:5: attribute '&priority' requires an integer
[error] <...>/hook-priorities-fail.hlt:12:9: only hooks can have priorities
[error] hiltic: aborting after errors
